blake3: 61c8c05f3e588c663cd9fbb1d7ad93604ed08cf335497095a020222cc9976cf1