config:
  a:
  - 4
  - 5
  - 6
  - 0
  - 1
  - 7
  - 8
  - 9
  - 2
