isip0: true
isip1: true
isip2: true
isip3: true
isip4: true
isip5: true