error[E3M38]: error[E1001]: RecursiveLoad
Could not compiles due to cyclic import statements
- ${CWD}/main.k